Microchip MPLAB XC8 Compiler V1.41 ()

Linker command line:

-W-3 --edf=C:\Program Files (x86)\Microchip\xc8\v1.41\dat\en_msgs.txt -cs \
  -h+dist/default/production\RS485.X.production.sym \
  --cmf=dist/default/production\RS485.X.production.cmf -z -Q16F882 \
  -oC:\Users\khalid\AppData\Local\Temp\s27c.2 \
  -Mdist/default/production/RS485.X.production.map -E1 -ver=XC8 \
  -ASTACK=0A0h-0bfh -pstack=STACK -ACODE=00h-07FFh -ASTRCODE=00h-07FFh \
  -ASTRING=00h-0FFhx8 -ACONST=00h-0FFhx8 -AENTRY=00h-0FFhx8 \
  -ACOMMON=070h-07Fh -ABANK0=020h-06Fh -ABANK1=0A0h-0BFh \
  -ARAM=020h-06Fh,0A0h-0BFh -AABS1=020h-07Fh,0A0h-0BFh -ASFR0=00h-01Fh \
  -ASFR1=080h-09Fh -ASFR2=0100h-016Fh -ASFR3=0180h-01EFh \
  -preset_vec=00h,intentry=04h,init,end_init -ppowerup=CODE -pcinit=CODE \
  -pfunctab=CODE -ACONFIG=02007h-02008h -pconfig=CONFIG -DCONFIG=2 \
  -AIDLOC=02000h-02003h -pidloc=IDLOC -DIDLOC=2 -AEEDATA=00h-07Fh/02100h \
  -peeprom_data=EEDATA -DEEDATA=2 -DCODE=2 -DSTRCODE=2 -DSTRING=2 -DCONST=2 \
  -DENTRY=2 -k C:\Users\khalid\AppData\Local\Temp\s27c.obj \
  dist/default/production\RS485.X.production.obj 

Object code version is 3.11

Machine type is 16F882



                Name                               Link     Load   Length Selector   Space Scale
C:\Users\khalid\AppData\Local\Temp\s27c.obj
                end_init                             10       10        1        8       0
                reset_vec                             0        0        1        0       0
                config                             2007     2007        2     400E       0
dist/default/production\RS485.X.production.obj
                cinit                                11       11        A        8       0
                intentry                              4        4        C        8       0
                text19                              2DE      2DE       2B        8       0
                text18                              37F      37F        D        8       0
                text17                              33A      33A       15        8       0
                text16                              3B3      3B3        7        8       0
                text15                              3A3      3A3        9        8       0
                text14                              362      362       10        8       0
                text13                              3C6      3C6        6        8       0
                text12                              398      398        B        8       0
                text11                              3C0      3C0        6        8       0
                text10                              3BA      3BA        6        8       0
                text9                               324      324       16        8       0
                text8                               3AC      3AC        7        8       0
                text7                               34F      34F       13        8       0
                text6                               3CC      3CC        2        8       0
                text5                               309      309       1B        8       0
                text4                               204      204       8F        8       0
                text3                               372      372        D        8       0
                text2                               293      293       4B        8       0
                text1                               38C      38C        C        8       0
                maintext                             1B       1B      1E9        8       0
                cstackBANK0                          20       20       46       20       1
                cstackCOMMON                         70       70        A       70       1
                bssBANK0                             66       66        7       20       1
                bssCOMMON                            7B       7B        1       70       1
                nvCOMMON                             7A       7A        1       70       1

TOTAL           Name                               Link     Load   Length     Space
        CLASS   STACK          

        CLASS   CODE           
                end_init                             10       10        1         0
                cinit                                11       11        A         0
                intentry                              4        4        C         0
                reset_vec                             0        0        1         0
                text19                              2DE      2DE       2B         0
                text18                              37F      37F        D         0
                text17                              33A      33A       15         0
                text16                              3B3      3B3        7         0
                text15                              3A3      3A3        9         0
                text14                              362      362       10         0
                text13                              3C6      3C6        6         0
                text12                              398      398        B         0
                text11                              3C0      3C0        6         0
                text10                              3BA      3BA        6         0
                text9                               324      324       16         0
                text8                               3AC      3AC        7         0
                text7                               34F      34F       13         0
                text6                               3CC      3CC        2         0
                text5                               309      309       1B         0
                text4                               204      204       8F         0
                text3                               372      372        D         0
                text2                               293      293       4B         0
                text1                               38C      38C        C         0
                maintext                             1B       1B      1E9         0

        CLASS   STRCODE        

        CLASS   STRING         

        CLASS   CONST          

        CLASS   ENTRY          

        CLASS   COMMON         
                cstackCOMMON                         70       70        A         1
                bssCOMMON                            7B       7B        1         1
                nvCOMMON                             7A       7A        1         1

        CLASS   BANK0          
                cstackBANK0                          20       20       46         1
                bssBANK0                             66       66        7         1

        CLASS   BANK1          

        CLASS   RAM            

        CLASS   ABS1           
                abs_s1                               7E       7E        2         1

        CLASS   SFR0           

        CLASS   SFR1           

        CLASS   SFR2           

        CLASS   SFR3           

        CLASS   CONFIG         
                config                             2007     2007        2         0

        CLASS   IDLOC          

        CLASS   EEDATA         

        CLASS   BANK3          

        CLASS   BANK2          



SEGMENTS        Name                           Load    Length   Top    Selector   Space  Class     Delta

                reset_vec                      000000  000001  000001         0       0  CODE        2
                intentry                       000004  0003CA  0003CE         8       0  CODE        2
                cstackBANK0                    000020  00004D  00006D        20       1  BANK0       1
                cstackCOMMON                   000070  00000C  00007C        70       1  COMMON      1
                config                         002007  000002  002009      400E       0  CONFIG      2


UNUSED ADDRESS RANGES

        Name                Unused          Largest block    Delta
        BANK0            006D-006F              3           1
        BANK1            00A0-00BF             20           1
        CODE             0001-0003              3           2
                         03CE-07FF            432
        COMMON           007C-007D              2           1
        CONST            0001-0003              3           2
                         03CE-07FF            100
        EEDATA           2100-217F             80           2
        ENTRY            0001-0003              3           2
                         03CE-07FF            100
        IDLOC            2000-2003              4           2
        RAM              006D-006F              3           1
                         00A0-00BF             20
        SFR0             0000-001F             20           1
        SFR1             0080-009F             20           1
        SFR2             0100-016F             70           1
        SFR3             0180-01EF             70           1
        STACK            00A0-00BF             20           1
        STRCODE          0001-0003              3           2
                         03CE-07FF            432
        STRING           0001-0003              3           2
                         03CE-07FF            100

                                  Symbol Table

?___aldiv                         cstackBANK0  0020
E_Read@addr                       cstackBANK0  0022
E_Read@ch                         cstackBANK0  0025
E_Write@addr                      cstackBANK0  0021
E_Write@ch                        cstackBANK0  0023
I2CRead@temp                      cstackBANK0  0021
I2CSend@dat                       cstackBANK0  0020
UART_vidSend@Len                  cstackCOMMON 0070
UART_vidSend@UART_u16Index        cstackCOMMON 0074
UART_vidSend@data                 cstackCOMMON 0073
_ACKDT                            (abs)        048D
_ACKEN                            (abs)        048C
_ACKSTAT                          (abs)        048E
_ADCON0                           (abs)        001F
_ANSEL                            (abs)        0188
_BF                               (abs)        04A0
_BRGH                             (abs)        04C2
_CREN                             (abs)        00C4
_Data_Buffer                      bssBANK0     0067
_ECU_ID                           nvCOMMON     007A
_E_Read                           text9        0324
_E_Write                          text3        0372
_GIE                              (abs)        005F
_I2CAck                           text8        03AC
_I2CInit                          text7        034F
_I2CNak                           text16       03B3
_I2CRead                          text14       0362
_I2CRestart                       text13       03C6
_I2CSend                          text12       0398
_I2CStart                         text11       03C0
_I2CStop                          text10       03BA
_I2CWait                          text15       03A3
_IDDV                             bssBANK0     0066
_PEIE                             (abs)        005E
_PEN                              (abs)        048A
_PIR1bits                         (abs)        000C
_PIR2bits                         (abs)        000D
_RC0                              (abs)        0038
_RCEN                             (abs)        048B
_RCIE                             (abs)        0465
_RCIF                             (abs)        0065
_RCREG                            (abs)        001A
_RS845_ManageState                text18       037F
_RSEN                             (abs)        0489
_SEN                              (abs)        0488
_SPBRG                            (abs)        0099
_SPEN                             (abs)        00C7
_SSPADD                           (abs)        0093
_SSPBUF                           (abs)        0013
_SSPCON                           (abs)        0014
_SSPCON2                          (abs)        0091
_SSPCON2bits                      (abs)        0091
_SSPIF                            (abs)        0063
_SSPSTAT                          (abs)        0094
_SYNC                             (abs)        04C4
_TRISA                            (abs)        0085
_TRISC0                           (abs)        0438
_TRISC3                           (abs)        043B
_TRISC4                           (abs)        043C
_TRISC6                           (abs)        043E
_TRISC7                           (abs)        043F
_TRISCbits                        (abs)        0087
_TXEN                             (abs)        04C5
_TXREG                            (abs)        0019
_UART_u8GetNodeID                 text6        03CC
_UART_vidInit                     text5        0309
_UART_vidNewDataReceived          text17       033A
_UART_vidSend                     text19       02DE
__CFG_BOR4V$BOR40V                (abs)        0000
__CFG_BOREN$OFF                   (abs)        0000
__CFG_CP$OFF                      (abs)        0000
__CFG_CPD$OFF                     (abs)        0000
__CFG_FCMEN$OFF                   (abs)        0000
__CFG_FOSC$HS                     (abs)        0000
__CFG_IESO$OFF                    (abs)        0000
__CFG_LVP$OFF                     (abs)        0000
__CFG_MCLRE$OFF                   (abs)        0000
__CFG_PWRTE$OFF                   (abs)        0000
__CFG_WDTE$OFF                    (abs)        0000
__CFG_WRT$OFF                     (abs)        0000
__Habs1                           abs1         0000
__Hbank0                          bank0        0000
__Hbank1                          bank1        0000
__Hbank2                          bank2        0000
__Hbank3                          bank3        0000
__HbssBANK0                       bssBANK0     0000
__HbssCOMMON                      bssCOMMON    0000
__Hcinit                          cinit        001B
__Hclrtext                        clrtext      0000
__Hcode                           code         0000
__Hcommon                         common       0000
__Hconfig                         config       2009
__HcstackBANK0                    cstackBANK0  0000
__HcstackCOMMON                   cstackCOMMON 0000
__Heeprom_data                    eeprom_data  0000
__Hend_init                       end_init     0011
__Hfunctab                        functab      0000
__Hidloc                          idloc        0000
__Hinit                           init         0010
__Hintentry                       intentry     0010
__Hmaintext                       maintext     0000
__HnvCOMMON                       nvCOMMON     0000
__Hpowerup                        powerup      0000
__Hram                            ram          0000
__Hreset_vec                      reset_vec    0001
__Hsfr0                           sfr0         0000
__Hsfr1                           sfr1         0000
__Hsfr2                           sfr2         0000
__Hsfr3                           sfr3         0000
__Hspace_0                        (abs)        2009
__Hspace_1                        (abs)        007C
__Hspace_2                        (abs)        0000
__Hspace_3                        (abs)        0000
__Hstack                          stack        0000
__Hstrings                        strings      0000
__Htext                           text         0000
__Labs1                           abs1         0000
__Lbank0                          bank0        0000
__Lbank1                          bank1        0000
__Lbank2                          bank2        0000
__Lbank3                          bank3        0000
__LbssBANK0                       bssBANK0     0000
__LbssCOMMON                      bssCOMMON    0000
__Lcinit                          cinit        0011
__Lclrtext                        clrtext      0000
__Lcode                           code         0000
__Lcommon                         common       0000
__Lconfig                         config       2007
__LcstackBANK0                    cstackBANK0  0000
__LcstackCOMMON                   cstackCOMMON 0000
__Leeprom_data                    eeprom_data  0000
__Lend_init                       end_init     0010
__Lfunctab                        functab      0000
__Lidloc                          idloc        0000
__Linit                           init         0010
__Lintentry                       intentry     0004
__Lmaintext                       maintext     0000
__LnvCOMMON                       nvCOMMON     0000
__Lpowerup                        powerup      0000
__Lram                            ram          0000
__Lreset_vec                      reset_vec    0000
__Lsfr0                           sfr0         0000
__Lsfr1                           sfr1         0000
__Lsfr2                           sfr2         0000
__Lsfr3                           sfr3         0000
__Lspace_0                        (abs)        0000
__Lspace_1                        (abs)        0000
__Lspace_2                        (abs)        0000
__Lspace_3                        (abs)        0000
__Lstack                          stack        0000
__Lstrings                        strings      0000
__Ltext                           text         0000
__S0                              (abs)        2009
__S1                              (abs)        007C
__S2                              (abs)        0000
__S3                              (abs)        0000
___aldiv                          text4        0204
___aldiv@counter                  cstackBANK0  0029
___aldiv@dividend                 cstackBANK0  0024
___aldiv@divisor                  cstackBANK0  0020
___aldiv@quotient                 cstackBANK0  002B
___aldiv@sign                     cstackBANK0  002A
___int_sp                         stack        0000
___latbits                        (abs)        0000
___sp                             stack        0000
__end_of_E_Read                   text9        033A
__end_of_E_Write                  text3        037F
__end_of_I2CAck                   text8        03B3
__end_of_I2CInit                  text7        0362
__end_of_I2CNak                   text16       03BA
__end_of_I2CRead                  text14       0372
__end_of_I2CRestart               text13       03CC
__end_of_I2CSend                  text12       03A3
__end_of_I2CStart                 text11       03C6
__end_of_I2CStop                  text10       03C0
__end_of_I2CWait                  text15       03AC
__end_of_RS845_ManageState        text18       038C
__end_of_UART_u8GetNodeID         text6        03CE
__end_of_UART_vidInit             text5        0324
__end_of_UART_vidNewDataReceived  text17       034F
__end_of_UART_vidSend             text19       0309
__end_of___aldiv                  text4        0293
__end_of__initialization          cinit        0019
__end_of_ini_adxl345              text2        02DE
__end_of_main                     maintext     0204
__end_of_system_init              text1        0398
__initialization                  cinit        0011
__pbssBANK0                       bssBANK0     0066
__pbssCOMMON                      bssCOMMON    007B
__pcstackBANK0                    cstackBANK0  0020
__pcstackCOMMON                   cstackCOMMON 0070
__pintentry                       intentry     0004
__pmaintext                       maintext     001B
__pnvCOMMON                       nvCOMMON     007A
__ptext1                          text1        038C
__ptext10                         text10       03BA
__ptext11                         text11       03C0
__ptext12                         text12       0398
__ptext13                         text13       03C6
__ptext14                         text14       0362
__ptext15                         text15       03A3
__ptext16                         text16       03B3
__ptext17                         text17       033A
__ptext18                         text18       037F
__ptext19                         text19       02DE
__ptext2                          text2        0293
__ptext3                          text3        0372
__ptext4                          text4        0204
__ptext5                          text5        0309
__ptext6                          text6        03CC
__ptext7                          text7        034F
__ptext8                          text8        03AC
__ptext9                          text9        0324
__size_of_E_Read                  (abs)        0000
__size_of_E_Write                 (abs)        0000
__size_of_I2CAck                  (abs)        0000
__size_of_I2CInit                 (abs)        0000
__size_of_I2CNak                  (abs)        0000
__size_of_I2CRead                 (abs)        0000
__size_of_I2CRestart              (abs)        0000
__size_of_I2CSend                 (abs)        0000
__size_of_I2CStart                (abs)        0000
__size_of_I2CStop                 (abs)        0000
__size_of_I2CWait                 (abs)        0000
__size_of_RS845_ManageState       (abs)        0000
__size_of_UART_u8GetNodeID        (abs)        0000
__size_of_UART_vidInit            (abs)        0000
__size_of_UART_vidNewDataReceived (abs)        0000
__size_of_UART_vidSend            (abs)        0000
__size_of___aldiv                 (abs)        0000
__size_of_ini_adxl345             (abs)        0000
__size_of_main                    (abs)        0000
__size_of_system_init             (abs)        0000
_ini_adxl345                      text2        0293
_main                             maintext     001B
_system_init                      text1        038C
btemp                             (abs)        007E
end_of_initialization             cinit        0019
interrupt_function                intentry     0004
intlevel0                         functab      0000
intlevel1                         functab      0000
intlevel2                         functab      0000
intlevel3                         functab      0000
intlevel4                         functab      0000
intlevel5                         functab      0000
main@Xaccumulate                  cstackBANK0  0055
main@Xaverage                     cstackBANK0  0061
main@Yaccumulate                  cstackBANK0  0059
main@Yaverage                     cstackBANK0  0062
main@Zaccumulate                  cstackBANK0  005D
main@Zaverage                     cstackBANK0  0063
main@bw_rate                      cstackBANK0  003B
main@i                            cstackBANK0  0064
main@id                           cstackBANK0  0037
main@pow                          cstackBANK0  0039
main@xhi                          cstackBANK0  003D
main@xlo                          cstackBANK0  0041
main@yhi                          cstackBANK0  0045
main@ylo                          cstackBANK0  0049
main@zhi                          cstackBANK0  004D
main@zlo                          cstackBANK0  0051
reset_vec                         reset_vec    0000
saved_w                           (abs)        007E
stackhi                           (abs)        0000
stacklo                           (abs)        0000
start                             init         0010
start_initialization              cinit        0011
wtemp0                            (abs)        007E


FUNCTION INFORMATION:

 *************** function _main *****************
 Defined at:
		line 50 in file "main.c"
 Parameters:    Size  Location     Type
		None
 Auto vars:     Size  Location     Type
  Zaccumulate     4   61[BANK0 ] long 
  Yaccumulate     4   57[BANK0 ] long 
  Xaccumulate     4   53[BANK0 ] long 
  zlo             4   49[BANK0 ] long 
  zhi             4   45[BANK0 ] long 
  ylo             4   41[BANK0 ] long 
  yhi             4   37[BANK0 ] long 
  xlo             4   33[BANK0 ] long 
  xhi             4   29[BANK0 ] long 
  z               4    0        long 
  y               4    0        long 
  x               4    0        long 
  i               2   68[BANK0 ] int 
  bw_rate         2   27[BANK0 ] int 
  pow             2   25[BANK0 ] int 
  id              2   23[BANK0 ] int 
  Zaverage        1   67[BANK0 ] unsigned char 
  Yaverage        1   66[BANK0 ] unsigned char 
  Xaverage        1   65[BANK0 ] unsigned char 
 Return value:  Size  Location     Type
                  1    wreg      void 
 Registers used:
		wreg, status,2, status,0, btemp+1, pclath, cstack
 Tracked objects:
		On entry : 
		On exit  : 
		Unchanged: 
 Data sizes:     COMMON   BANK0   BANK1
      Params:         0       0       0
      Locals:         0      47       0
      Temps:          0       8       0
      Totals:         0      55       0
Total ram usage:       55 bytes
 Hardware stack levels required when called:    7
 This function calls:
		_E_Read
		_I2CAck
		_I2CInit
		_I2CNak
		_I2CRead
		_I2CRestart
		_I2CSend
		_I2CStart
		_I2CStop
		_UART_vidInit
		___aldiv
		_ini_adxl345
		_system_init
 This function is called by:
		Startup code after reset
 This function uses a non-reentrant model


 *************** function _system_init *****************
 Defined at:
		line 118 in file "main.c"
 Parameters:    Size  Location     Type
		None
 Auto vars:     Size  Location     Type
		None
 Return value:  Size  Location     Type
                  1    wreg      void 
 Registers used:
		wreg, status,2
 Tracked objects:
		On entry : 
		On exit  : 
		Unchanged: 
 Data sizes:     COMMON   BANK0   BANK1
      Params:         0       0       0
      Locals:         0       0       0
      Temps:          0       0       0
      Totals:         0       0       0
Total ram usage:        0 bytes
 Hardware stack levels used:    1
 Hardware stack levels required when called:    3
 This function calls:
		Nothing
 This function is called by:
		_main
 This function uses a non-reentrant model


 *************** function _ini_adxl345 *****************
 Defined at:
		line 37 in file "main.c"
 Parameters:    Size  Location     Type
		None
 Auto vars:     Size  Location     Type
		None
 Return value:  Size  Location     Type
                  1    wreg      void 
 Registers used:
		wreg, status,2, status,0, pclath, cstack
 Tracked objects:
		On entry : 
		On exit  : 
		Unchanged: 
 Data sizes:     COMMON   BANK0   BANK1
      Params:         0       0       0
      Locals:         0       0       0
      Temps:          0       2       0
      Totals:         0       2       0
Total ram usage:        2 bytes
 Hardware stack levels used:    1
 Hardware stack levels required when called:    6
 This function calls:
		_E_Write
 This function is called by:
		_main
 This function uses a non-reentrant model


 *************** function _E_Write *****************
 Defined at:
		line 263 in file "main.c"
 Parameters:    Size  Location     Type
  addr            2    1[BANK0 ] int 
  ch              1    3[BANK0 ] unsigned char 
 Auto vars:     Size  Location     Type
		None
 Return value:  Size  Location     Type
                  1    wreg      unsigned char 
 Registers used:
		wreg, status,2, status,0, pclath, cstack
 Tracked objects:
		On entry : 
		On exit  : 
		Unchanged: 
 Data sizes:     COMMON   BANK0   BANK1
      Params:         0       3       0
      Locals:         0       0       0
      Temps:          0       0       0
      Totals:         0       3       0
Total ram usage:        3 bytes
 Hardware stack levels used:    1
 Hardware stack levels required when called:    5
 This function calls:
		_I2CSend
		_I2CStart
		_I2CStop
 This function is called by:
		_ini_adxl345
 This function uses a non-reentrant model


 *************** function ___aldiv *****************
 Defined at:
		line 6 in file "C:\Program Files (x86)\Microchip\xc8\v1.41\sources\common\aldiv.c"
 Parameters:    Size  Location     Type
  divisor         4    0[BANK0 ] long 
  dividend        4    4[BANK0 ] long 
 Auto vars:     Size  Location     Type
  quotient        4   11[BANK0 ] long 
  sign            1   10[BANK0 ] unsigned char 
  counter         1    9[BANK0 ] unsigned char 
 Return value:  Size  Location     Type
                  4    0[BANK0 ] long 
 Registers used:
		wreg, status,2, status,0
 Tracked objects:
		On entry : 
		On exit  : 
		Unchanged: 
 Data sizes:     COMMON   BANK0   BANK1
      Params:         0       8       0
      Locals:         0       6       0
      Temps:          0       1       0
      Totals:         0      15       0
Total ram usage:       15 bytes
 Hardware stack levels used:    1
 Hardware stack levels required when called:    3
 This function calls:
		Nothing
 This function is called by:
		_main
 This function uses a non-reentrant model


 *************** function _UART_vidInit *****************
 Defined at:
		line 14 in file "UART_m.c"
 Parameters:    Size  Location     Type
		None
 Auto vars:     Size  Location     Type
		None
 Return value:  Size  Location     Type
                  1    wreg      void 
 Registers used:
		wreg, pclath, cstack
 Tracked objects:
		On entry : 
		On exit  : 
		Unchanged: 
 Data sizes:     COMMON   BANK0   BANK1
      Params:         0       0       0
      Locals:         0       0       0
      Temps:          0       1       0
      Totals:         0       1       0
Total ram usage:        1 bytes
 Hardware stack levels used:    1
 Hardware stack levels required when called:    4
 This function calls:
		_UART_u8GetNodeID
 This function is called by:
		_main
 This function uses a non-reentrant model


 *************** function _UART_u8GetNodeID *****************
 Defined at:
		line 70 in file "UART_m.c"
 Parameters:    Size  Location     Type
		None
 Auto vars:     Size  Location     Type
		None
 Return value:  Size  Location     Type
                  1    wreg      unsigned char 
 Registers used:
		wreg
 Tracked objects:
		On entry : 
		On exit  : 
		Unchanged: 
 Data sizes:     COMMON   BANK0   BANK1
      Params:         0       0       0
      Locals:         0       0       0
      Temps:          0       0       0
      Totals:         0       0       0
Total ram usage:        0 bytes
 Hardware stack levels used:    1
 Hardware stack levels required when called:    3
 This function calls:
		Nothing
 This function is called by:
		_UART_vidInit
 This function uses a non-reentrant model


 *************** function _I2CInit *****************
 Defined at:
		line 132 in file "main.c"
 Parameters:    Size  Location     Type
		None
 Auto vars:     Size  Location     Type
		None
 Return value:  Size  Location     Type
                  1    wreg      void 
 Registers used:
		wreg, status,2
 Tracked objects:
		On entry : 
		On exit  : 
		Unchanged: 
 Data sizes:     COMMON   BANK0   BANK1
      Params:         0       0       0
      Locals:         0       0       0
      Temps:          0       0       0
      Totals:         0       0       0
Total ram usage:        0 bytes
 Hardware stack levels used:    1
 Hardware stack levels required when called:    3
 This function calls:
		Nothing
 This function is called by:
		_main
 This function uses a non-reentrant model


 *************** function _I2CAck *****************
 Defined at:
		line 198 in file "main.c"
 Parameters:    Size  Location     Type
		None
 Auto vars:     Size  Location     Type
		None
 Return value:  Size  Location     Type
                  1    wreg      void 
 Registers used:
		None
 Tracked objects:
		On entry : 
		On exit  : 
		Unchanged: 
 Data sizes:     COMMON   BANK0   BANK1
      Params:         0       0       0
      Locals:         0       0       0
      Temps:          0       0       0
      Totals:         0       0       0
Total ram usage:        0 bytes
 Hardware stack levels used:    1
 Hardware stack levels required when called:    3
 This function calls:
		Nothing
 This function is called by:
		_main
 This function uses a non-reentrant model


 *************** function _E_Read *****************
 Defined at:
		line 280 in file "main.c"
 Parameters:    Size  Location     Type
  addr            2    2[BANK0 ] int 
 Auto vars:     Size  Location     Type
  ch              1    5[BANK0 ] unsigned char 
 Return value:  Size  Location     Type
                  1    wreg      unsigned char 
 Registers used:
		wreg, status,2, status,0, pclath, cstack
 Tracked objects:
		On entry : 
		On exit  : 
		Unchanged: 
 Data sizes:     COMMON   BANK0   BANK1
      Params:         0       2       0
      Locals:         0       1       0
      Temps:          0       1       0
      Totals:         0       4       0
Total ram usage:        4 bytes
 Hardware stack levels used:    1
 Hardware stack levels required when called:    5
 This function calls:
		_I2CNak
		_I2CRead
		_I2CRestart
		_I2CSend
		_I2CStart
		_I2CStop
 This function is called by:
		_main
 This function uses a non-reentrant model


 *************** function _I2CStop *****************
 Defined at:
		line 173 in file "main.c"
 Parameters:    Size  Location     Type
		None
 Auto vars:     Size  Location     Type
		None
 Return value:  Size  Location     Type
                  1    wreg      void 
 Registers used:
		None
 Tracked objects:
		On entry : 
		On exit  : 
		Unchanged: 
 Data sizes:     COMMON   BANK0   BANK1
      Params:         0       0       0
      Locals:         0       0       0
      Temps:          0       0       0
      Totals:         0       0       0
Total ram usage:        0 bytes
 Hardware stack levels used:    1
 Hardware stack levels required when called:    3
 This function calls:
		Nothing
 This function is called by:
		_main
		_E_Write
		_E_Read
 This function uses a non-reentrant model


 *************** function _I2CStart *****************
 Defined at:
		line 160 in file "main.c"
 Parameters:    Size  Location     Type
		None
 Auto vars:     Size  Location     Type
		None
 Return value:  Size  Location     Type
                  1    wreg      void 
 Registers used:
		None
 Tracked objects:
		On entry : 
		On exit  : 
		Unchanged: 
 Data sizes:     COMMON   BANK0   BANK1
      Params:         0       0       0
      Locals:         0       0       0
      Temps:          0       0       0
      Totals:         0       0       0
Total ram usage:        0 bytes
 Hardware stack levels used:    1
 Hardware stack levels required when called:    3
 This function calls:
		Nothing
 This function is called by:
		_main
		_E_Write
		_E_Read
 This function uses a non-reentrant model


 *************** function _I2CSend *****************
 Defined at:
		line 237 in file "main.c"
 Parameters:    Size  Location     Type
  dat             1    wreg     unsigned char 
 Auto vars:     Size  Location     Type
  dat             1    0[BANK0 ] unsigned char 
 Return value:  Size  Location     Type
                  1    wreg      void 
 Registers used:
		wreg, status,2, status,0, pclath, cstack
 Tracked objects:
		On entry : 
		On exit  : 
		Unchanged: 
 Data sizes:     COMMON   BANK0   BANK1
      Params:         0       0       0
      Locals:         0       1       0
      Temps:          0       0       0
      Totals:         0       1       0
Total ram usage:        1 bytes
 Hardware stack levels used:    1
 Hardware stack levels required when called:    4
 This function calls:
		_I2CWait
 This function is called by:
		_main
		_E_Write
		_E_Read
 This function uses a non-reentrant model


 *************** function _I2CRestart *****************
 Defined at:
		line 186 in file "main.c"
 Parameters:    Size  Location     Type
		None
 Auto vars:     Size  Location     Type
		None
 Return value:  Size  Location     Type
                  1    wreg      void 
 Registers used:
		None
 Tracked objects:
		On entry : 
		On exit  : 
		Unchanged: 
 Data sizes:     COMMON   BANK0   BANK1
      Params:         0       0       0
      Locals:         0       0       0
      Temps:          0       0       0
      Totals:         0       0       0
Total ram usage:        0 bytes
 Hardware stack levels used:    1
 Hardware stack levels required when called:    3
 This function calls:
		Nothing
 This function is called by:
		_main
		_E_Read
 This function uses a non-reentrant model


 *************** function _I2CRead *****************
 Defined at:
		line 250 in file "main.c"
 Parameters:    Size  Location     Type
		None
 Auto vars:     Size  Location     Type
  temp            1    1[BANK0 ] unsigned char 
 Return value:  Size  Location     Type
                  1    wreg      unsigned char 
 Registers used:
		wreg, status,2, status,0, pclath, cstack
 Tracked objects:
		On entry : 
		On exit  : 
		Unchanged: 
 Data sizes:     COMMON   BANK0   BANK1
      Params:         0       0       0
      Locals:         0       1       0
      Temps:          0       1       0
      Totals:         0       2       0
Total ram usage:        2 bytes
 Hardware stack levels used:    1
 Hardware stack levels required when called:    4
 This function calls:
		_I2CWait
 This function is called by:
		_main
		_E_Read
 This function uses a non-reentrant model


 *************** function _I2CWait *****************
 Defined at:
		line 224 in file "main.c"
 Parameters:    Size  Location     Type
		None
 Auto vars:     Size  Location     Type
		None
 Return value:  Size  Location     Type
                  1    wreg      void 
 Registers used:
		wreg, status,2
 Tracked objects:
		On entry : 
		On exit  : 
		Unchanged: 
 Data sizes:     COMMON   BANK0   BANK1
      Params:         0       0       0
      Locals:         0       0       0
      Temps:          0       0       0
      Totals:         0       0       0
Total ram usage:        0 bytes
 Hardware stack levels used:    1
 Hardware stack levels required when called:    3
 This function calls:
		Nothing
 This function is called by:
		_I2CSend
		_I2CRead
 This function uses a non-reentrant model


 *************** function _I2CNak *****************
 Defined at:
		line 211 in file "main.c"
 Parameters:    Size  Location     Type
		None
 Auto vars:     Size  Location     Type
		None
 Return value:  Size  Location     Type
                  1    wreg      void 
 Registers used:
		None
 Tracked objects:
		On entry : 
		On exit  : 
		Unchanged: 
 Data sizes:     COMMON   BANK0   BANK1
      Params:         0       0       0
      Locals:         0       0       0
      Temps:          0       0       0
      Totals:         0       0       0
Total ram usage:        0 bytes
 Hardware stack levels used:    1
 Hardware stack levels required when called:    3
 This function calls:
		Nothing
 This function is called by:
		_main
		_E_Read
 This function uses a non-reentrant model


 *************** function _UART_vidNewDataReceived *****************
 Defined at:
		line 31 in file "UART_m.c"
 Parameters:    Size  Location     Type
		None
 Auto vars:     Size  Location     Type
		None
 Return value:  Size  Location     Type
                  1    wreg      void 
 Registers used:
		wreg, fsr0l, fsr0h, status,2, status,0, pclath, cstack
 Tracked objects:
		On entry : 
		On exit  : 
		Unchanged: 
 Data sizes:     COMMON   BANK0   BANK1
      Params:         0       0       0
      Locals:         0       0       0
      Temps:          4       0       0
      Totals:         4       0       0
Total ram usage:        4 bytes
 Hardware stack levels used:    1
 Hardware stack levels required when called:    2
 This function calls:
		_RS845_ManageState
 This function is called by:
		Interrupt level 1
 This function uses a non-reentrant model


 *************** function _RS845_ManageState *****************
 Defined at:
		line 47 in file "UART_m.c"
 Parameters:    Size  Location     Type
		None
 Auto vars:     Size  Location     Type
		None
 Return value:  Size  Location     Type
                  1    wreg      void 
 Registers used:
		wreg, fsr0l, fsr0h, status,2, status,0, pclath, cstack
 Tracked objects:
		On entry : 
		On exit  : 
		Unchanged: 
 Data sizes:     COMMON   BANK0   BANK1
      Params:         0       0       0
      Locals:         0       0       0
      Temps:          0       0       0
      Totals:         0       0       0
Total ram usage:        0 bytes
 Hardware stack levels used:    1
 Hardware stack levels required when called:    1
 This function calls:
		_UART_vidSend
 This function is called by:
		_UART_vidNewDataReceived
 This function uses a non-reentrant model


 *************** function _UART_vidSend *****************
 Defined at:
		line 58 in file "UART_m.c"
 Parameters:    Size  Location     Type
  data            1    wreg     const PTR unsigned char 
		 -> Data_Buffer(6), 
  Len             2    0[COMMON] const unsigned short 
 Auto vars:     Size  Location     Type
  data            1    3[COMMON] const PTR unsigned char 
		 -> Data_Buffer(6), 
  UART_u16Inde    2    4[COMMON] unsigned short 
 Return value:  Size  Location     Type
                  1    wreg      void 
 Registers used:
		wreg, fsr0l, fsr0h, status,2, status,0
 Tracked objects:
		On entry : 
		On exit  : 
		Unchanged: 
 Data sizes:     COMMON   BANK0   BANK1
      Params:         2       0       0
      Locals:         3       0       0
      Temps:          1       0       0
      Totals:         6       0       0
Total ram usage:        6 bytes
 Hardware stack levels used:    1
 This function calls:
		Nothing
 This function is called by:
		_RS845_ManageState
 This function uses a non-reentrant model



MODULE INFORMATION

Module		Function		Class		Link	Load	Size
C:\Program Files (x86)\Microchip\xc8\v1.41\sources\common\aldiv.c
		___aldiv       		CODE           	0204	0000	144

C:\Program Files (x86)\Microchip\xc8\v1.41\sources\common\aldiv.c estimated size: 144

UART_m.c
		_UART_u8GetNodeID		CODE           	03CC	0000	3
		_UART_vidSend  		CODE           	02DE	0000	44
		_UART_vidInit  		CODE           	0309	0000	28
		_RS845_ManageState		CODE           	037F	0000	14
		_UART_vidNewDataReceived		CODE           	033A	0000	22

UART_m.c estimated size: 111

shared
		__initialization		CODE           	0011	0000	9

shared estimated size: 9

main.c
		_I2CNak        		CODE           	03B3	0000	8
		_system_init   		CODE           	038C	0000	13
		_I2CStop       		CODE           	03BA	0000	7
		_E_Read        		CODE           	0324	0000	23
		_I2CAck        		CODE           	03AC	0000	8
		_main          		CODE           	001B	0000	490
		_I2CRead       		CODE           	0362	0000	17
		_I2CRestart    		CODE           	03C6	0000	7
		_I2CStart      		CODE           	03C0	0000	7
		_E_Write       		CODE           	0372	0000	14
		_I2CWait       		CODE           	03A3	0000	10
		_ini_adxl345   		CODE           	0293	0000	76
		_I2CInit       		CODE           	034F	0000	20
		_I2CSend       		CODE           	0398	0000	12

main.c estimated size: 712

