Microchip MPLAB XC8 Compiler V1.30 ()

Linker command line:

-W-3 --edf=C:\Program Files (x86)\Microchip\xc8\v1.30\dat\en_msgs.txt -cs \
  -h+dist/default/production\RS485.X.production.sym \
  --cmf=dist/default/production\RS485.X.production.cmf -z -Q16F882 \
  -oC:\Users\AHMEDG~1\AppData\Local\Temp\s62s.6 \
  -Mdist/default/production/RS485.X.production.map -E1 -ver=XC8 \
  -ASTACK=0A0h-0bfh -pstack=STACK -ACONST=00h-0FFhx8 -ACODE=00h-07FFh \
  -ASTRCODE=00h-07FFh -AENTRY=00h-0FFhx8 -ASTRING=00h-0FFhx8 \
  -ACOMMON=070h-07Fh -ABANK0=020h-06Fh -ABANK1=0A0h-0BFh \
  -ARAM=020h-06Fh,0A0h-0BFh -AABS1=020h-07Fh,0A0h-0BFh -ASFR0=00h-01Fh \
  -ASFR1=080h-09Fh -ASFR2=0100h-016Fh -ASFR3=0180h-01EFh \
  -preset_vec=00h,intentry=04h,init,end_init -ppowerup=CODE -pcinit=CODE \
  -pfunctab=CODE -ACONFIG=02007h-02008h -pconfig=CONFIG -DCONFIG=2 \
  -AIDLOC=02000h-02003h -pidloc=IDLOC -DIDLOC=2 -AEEDATA=00h-07Fh/02100h \
  -peeprom_data=EEDATA -DEEDATA=2 -DCODE=2 -DSTRCODE=2 -DSTRING=2 -DCONST=2 \
  -DENTRY=2 -k C:\Users\AHMEDG~1\AppData\Local\Temp\s62s.obj \
  dist/default/production\RS485.X.production.obj 

Object code version is 3.11

Machine type is 16F882



                Name                               Link     Load   Length Selector   Space Scale
C:\Users\AHMEDG~1\AppData\Local\Temp\s62s.obj
                end_init                             10       10        1        8       0
                reset_vec                             0        0        1        0       0
                config                             2007     2007        2     400E       0
dist/default/production\RS485.X.production.obj
                cinit                                11       11        C        8       0
                intentry                              4        4        C        8       0
                text22                              262      262       2B        8       0
                text21                              303      303        D        8       0
                text20                              2BE      2BE       15        8       0
                text19                              342      342        7        8       0
                text18                              333      333        8        8       0
                text17                              2E6      2E6       10        8       0
                text16                              355      355        6        8       0
                text15                              328      328        B        8       0
                text14                              34F      34F        6        8       0
                text13                              349      349        6        8       0
                text12                              2A8      2A8       16        8       0
                text11                              33B      33B        7        8       0
                text10                              2D3      2D3       13        8       0
                text9                               31C      31C        C        8       0
                text8                               35B      35B        2        8       0
                text7                               28D      28D       1B        8       0
                text6                               35F      35F        1        8       0
                text5                               35E      35E        1        8       0
                text4                               35D      35D        1        8       0
                text3                               2F6      2F6        D        8       0
                text2                               214      214       4E        8       0
                text1                               310      310        C        8       0
                maintext                             1D       1D      1F7        8       0
                cstackBANK0                          20       20       3B       20       1
                cstackCOMMON                         70       70        A       70       1
                bssBANK0                             5B       5B        9       20       1
                bssCOMMON                            7B       7B        1       70       1
                nvCOMMON                             7A       7A        1       70       1

TOTAL           Name                               Link     Load   Length     Space
        CLASS   STACK          

        CLASS   CONST          

        CLASS   CODE           
                end_init                             10       10        1         0
                cinit                                11       11        C         0
                intentry                              4        4        C         0
                reset_vec                             0        0        1         0
                text22                              262      262       2B         0
                text21                              303      303        D         0
                text20                              2BE      2BE       15         0
                text19                              342      342        7         0
                text18                              333      333        8         0
                text17                              2E6      2E6       10         0
                text16                              355      355        6         0
                text15                              328      328        B         0
                text14                              34F      34F        6         0
                text13                              349      349        6         0
                text12                              2A8      2A8       16         0
                text11                              33B      33B        7         0
                text10                              2D3      2D3       13         0
                text9                               31C      31C        C         0
                text8                               35B      35B        2         0
                text7                               28D      28D       1B         0
                text6                               35F      35F        1         0
                text5                               35E      35E        1         0
                text4                               35D      35D        1         0
                text3                               2F6      2F6        D         0
                text2                               214      214       4E         0
                text1                               310      310        C         0
                maintext                             1D       1D      1F7         0

        CLASS   STRCODE        

        CLASS   ENTRY          

        CLASS   STRING         

        CLASS   COMMON         
                cstackCOMMON                         70       70        A         1
                bssCOMMON                            7B       7B        1         1
                nvCOMMON                             7A       7A        1         1

        CLASS   BANK0          
                cstackBANK0                          20       20       3B         1
                bssBANK0                             5B       5B        9         1

        CLASS   BANK1          

        CLASS   RAM            

        CLASS   ABS1           
                abs_s1                               7E       7E        2         1

        CLASS   SFR0           

        CLASS   SFR1           

        CLASS   SFR2           

        CLASS   SFR3           

        CLASS   CONFIG         
                config                             2007     2007        2         0

        CLASS   IDLOC          

        CLASS   EEDATA         

        CLASS   BANK3          

        CLASS   BANK2          



SEGMENTS        Name                           Load    Length   Top    Selector   Space  Class     Delta

                reset_vec                      000000  000001  000001         0       0  CODE        2
                intentry                       000004  00035C  000360         8       0  CODE        2
                cstackBANK0                    000020  000044  000064        20       1  BANK0       1
                cstackCOMMON                   000070  00000C  00007C        70       1  COMMON      1
                config                         002007  000002  002009      400E       0  CONFIG      2


UNUSED ADDRESS RANGES

        Name                Unused          Largest block    Delta
        BANK0            0064-006F              C           1
        BANK1            00A0-00BF             20           1
        CODE             0001-0003              3           2
                         0360-07FF            4A0
        COMMON           007C-007D              2           1
        CONST            0001-0003              3           2
                         0360-07FF            100
        EEDATA           2100-217F             80           2
        ENTRY            0001-0003              3           2
                         0360-07FF            100
        IDLOC            2000-2003              4           2
        RAM              0064-006F              C           1
                         00A0-00BF             20
        SFR0             0000-001F             20           1
        SFR1             0080-009F             20           1
        SFR2             0100-016F             70           1
        SFR3             0180-01EF             70           1
        STACK            00A0-00BF             20           1
        STRCODE          0001-0003              3           2
                         0360-07FF            4A0
        STRING           0001-0003              3           2
                         0360-07FF            100

                                  Symbol Table

?_get_x_average                   cstackBANK0  0020
?_get_y_average                   cstackBANK0  0020
?_get_z_average                   cstackBANK0  0020
E_Read@addr                       cstackBANK0  0022
E_Read@ch                         cstackBANK0  0025
E_Write@addr                      cstackBANK0  0021
E_Write@ch                        cstackBANK0  0023
I2CRead@temp                      cstackBANK0  0021
I2CSend@dat                       cstackBANK0  0020
UART_Write@data                   cstackBANK0  0020
UART_vidSend@Len                  cstackCOMMON 0070
UART_vidSend@UART_u16Index        cstackCOMMON 0074
UART_vidSend@data                 cstackCOMMON 0073
_ACKDT                            (abs)        048D
_ACKEN                            (abs)        048C
_ADCON0                           (abs)        001F
_ANSEL                            (abs)        0188
_BF                               (abs)        04A0
_BRGH                             (abs)        04C2
_CREN                             (abs)        00C4
_Data_Buffer                      bssBANK0     005B
_ECU_ID                           nvCOMMON     007A
_E_Read                           text12       02A8
_E_Write                          text3        02F6
_GIE                              (abs)        005F
_I2CAck                           text11       033B
_I2CInit                          text10       02D3
_I2CNak                           text19       0342
_I2CRead                          text17       02E6
_I2CRestart                       text16       0355
_I2CSend                          text15       0328
_I2CStart                         text14       034F
_I2CStop                          text13       0349
_I2CWait                          text18       0333
_PEIE                             (abs)        005E
_PEN                              (abs)        048A
_PIR1bits                         (abs)        000C
_PIR2bits                         (abs)        000D
_RC0                              (abs)        0038
_RCEN                             (abs)        048B
_RCIE                             (abs)        0465
_RCIF                             (abs)        0065
_RCREG                            (abs)        001A
_RECEIVED_ECU_ID                  bssCOMMON    007B
_RS845_ManageState                text21       0303
_RSEN                             (abs)        0489
_SEN                              (abs)        0488
_SPBRG                            (abs)        0099
_SPEN                             (abs)        00C7
_SSPADD                           (abs)        0093
_SSPBUF                           (abs)        0013
_SSPCON                           (abs)        0014
_SSPCON2                          (abs)        0091
_SSPSTAT                          (abs)        0094
_SYNC                             (abs)        04C4
_TRISA                            (abs)        0085
_TRISC0                           (abs)        0438
_TRISC6                           (abs)        043E
_TRISC7                           (abs)        043F
_TRISCbits                        (abs)        0087
_TRMT                             (abs)        04C1
_TXEN                             (abs)        04C5
_TXREG                            (abs)        0019
_UART_Write                       text9        031C
_UART_u8GetNodeID                 text8        035B
_UART_vidInit                     text7        028D
_UART_vidNewDataReceived          text20       02BE
_UART_vidSend                     text22       0262
__CFG_BOR4V$BOR40V                (abs)        0000
__CFG_BOREN$OFF                   (abs)        0000
__CFG_CP$OFF                      (abs)        0000
__CFG_CPD$OFF                     (abs)        0000
__CFG_FCMEN$OFF                   (abs)        0000
__CFG_FOSC$HS                     (abs)        0000
__CFG_IESO$OFF                    (abs)        0000
__CFG_LVP$OFF                     (abs)        0000
__CFG_MCLRE$OFF                   (abs)        0000
__CFG_PWRTE$OFF                   (abs)        0000
__CFG_WDTE$OFF                    (abs)        0000
__CFG_WRT$OFF                     (abs)        0000
__Habs1                           abs1         0000
__Hbank0                          bank0        0000
__Hbank1                          bank1        0000
__Hbank2                          bank2        0000
__Hbank3                          bank3        0000
__HbssBANK0                       bssBANK0     0000
__HbssCOMMON                      bssCOMMON    0000
__Hcinit                          cinit        001D
__Hclrtext                        clrtext      0000
__Hcode                           code         0000
__Hcommon                         common       0000
__Hconfig                         config       2009
__HcstackBANK0                    cstackBANK0  0000
__HcstackCOMMON                   cstackCOMMON 0000
__Heeprom_data                    eeprom_data  0000
__Hend_init                       end_init     0011
__Hfunctab                        functab      0000
__Hidloc                          idloc        0000
__Hinit                           init         0010
__Hintentry                       intentry     0010
__Hmaintext                       maintext     0000
__HnvCOMMON                       nvCOMMON     0000
__Hpowerup                        powerup      0000
__Hram                            ram          0000
__Hreset_vec                      reset_vec    0001
__Hsfr0                           sfr0         0000
__Hsfr1                           sfr1         0000
__Hsfr2                           sfr2         0000
__Hsfr3                           sfr3         0000
__Hstack                          stack        0000
__Hstrings                        strings      0000
__Htext                           text         0000
__Labs1                           abs1         0000
__Lbank0                          bank0        0000
__Lbank1                          bank1        0000
__Lbank2                          bank2        0000
__Lbank3                          bank3        0000
__LbssBANK0                       bssBANK0     0000
__LbssCOMMON                      bssCOMMON    0000
__Lcinit                          cinit        0011
__Lclrtext                        clrtext      0000
__Lcode                           code         0000
__Lcommon                         common       0000
__Lconfig                         config       2007
__LcstackBANK0                    cstackBANK0  0000
__LcstackCOMMON                   cstackCOMMON 0000
__Leeprom_data                    eeprom_data  0000
__Lend_init                       end_init     0010
__Lfunctab                        functab      0000
__Lidloc                          idloc        0000
__Linit                           init         0010
__Lintentry                       intentry     0004
__Lmaintext                       maintext     0000
__LnvCOMMON                       nvCOMMON     0000
__Lpowerup                        powerup      0000
__Lram                            ram          0000
__Lreset_vec                      reset_vec    0000
__Lsfr0                           sfr0         0000
__Lsfr1                           sfr1         0000
__Lsfr2                           sfr2         0000
__Lsfr3                           sfr3         0000
__Lstack                          stack        0000
__Lstrings                        strings      0000
__Ltext                           text         0000
__S0                              (abs)        2009
__S1                              (abs)        007C
__S2                              (abs)        0000
__S3                              (abs)        0000
___int_sp                         stack        0000
___latbits                        (abs)        0000
___sp                             stack        0000
__end_of_E_Read                   text12       02BE
__end_of_E_Write                  text3        0303
__end_of_I2CAck                   text11       0342
__end_of_I2CInit                  text10       02E6
__end_of_I2CNak                   text19       0349
__end_of_I2CRead                  text17       02F6
__end_of_I2CRestart               text16       035B
__end_of_I2CSend                  text15       0333
__end_of_I2CStart                 text14       0355
__end_of_I2CStop                  text13       034F
__end_of_I2CWait                  text18       033B
__end_of_RS845_ManageState        text21       0310
__end_of_UART_Write               text9        0328
__end_of_UART_u8GetNodeID         text8        035D
__end_of_UART_vidInit             text7        02A8
__end_of_UART_vidNewDataReceived  text20       02D3
__end_of_UART_vidSend             text22       028D
__end_of__initialization          cinit        001B
__end_of_get_x_average            text6        0360
__end_of_get_y_average            text5        035F
__end_of_get_z_average            text4        035E
__end_of_ini_adxl345              text2        0262
__end_of_main                     maintext     0214
__end_of_system_init              text1        031C
__initialization                  cinit        0011
__pbssBANK0                       bssBANK0     005B
__pbssCOMMON                      bssCOMMON    007B
__pcstackBANK0                    cstackBANK0  0020
__pcstackCOMMON                   cstackCOMMON 0070
__pintentry                       intentry     0004
__pmaintext                       maintext     001D
__pnvCOMMON                       nvCOMMON     007A
__ptext1                          text1        0310
__ptext10                         text10       02D3
__ptext11                         text11       033B
__ptext12                         text12       02A8
__ptext13                         text13       0349
__ptext14                         text14       034F
__ptext15                         text15       0328
__ptext16                         text16       0355
__ptext17                         text17       02E6
__ptext18                         text18       0333
__ptext19                         text19       0342
__ptext2                          text2        0214
__ptext20                         text20       02BE
__ptext21                         text21       0303
__ptext22                         text22       0262
__ptext3                          text3        02F6
__ptext4                          text4        035D
__ptext5                          text5        035E
__ptext6                          text6        035F
__ptext7                          text7        028D
__ptext8                          text8        035B
__ptext9                          text9        031C
__size_of_E_Read                  (abs)        0000
__size_of_E_Write                 (abs)        0000
__size_of_I2CAck                  (abs)        0000
__size_of_I2CInit                 (abs)        0000
__size_of_I2CNak                  (abs)        0000
__size_of_I2CRead                 (abs)        0000
__size_of_I2CRestart              (abs)        0000
__size_of_I2CSend                 (abs)        0000
__size_of_I2CStart                (abs)        0000
__size_of_I2CStop                 (abs)        0000
__size_of_I2CWait                 (abs)        0000
__size_of_RS845_ManageState       (abs)        0000
__size_of_UART_Write              (abs)        0000
__size_of_UART_u8GetNodeID        (abs)        0000
__size_of_UART_vidInit            (abs)        0000
__size_of_UART_vidNewDataReceived (abs)        0000
__size_of_UART_vidSend            (abs)        0000
__size_of_get_x_average           (abs)        0000
__size_of_get_y_average           (abs)        0000
__size_of_get_z_average           (abs)        0000
__size_of_ini_adxl345             (abs)        0000
__size_of_main                    (abs)        0000
__size_of_system_init             (abs)        0000
_get_x_average                    text6        035F
_get_y_average                    text5        035E
_get_z_average                    text4        035D
_ini_adxl345                      text2        0214
_main                             maintext     001D
_system_init                      text1        0310
btemp                             (abs)        007E
end_of_initialization             cinit        001B
get_x_average@x                   cstackBANK0  0020
get_y_average@y                   cstackBANK0  0020
get_z_average@z                   cstackBANK0  0020
interrupt_function                intentry     0004
intlevel0                         functab      0000
intlevel1                         functab      0000
intlevel2                         functab      0000
intlevel3                         functab      0000
intlevel4                         functab      0000
intlevel5                         functab      0000
ltemp                             (abs)        007E
ltemp0                            (abs)        007E
ltemp1                            (abs)        0082
ltemp2                            (abs)        0086
ltemp3                            (abs)        0080
main@Xaccumulate                  cstackBANK0  004F
main@Xaverage                     cstackBANK0  002E
main@Yaccumulate                  cstackBANK0  0053
main@Yaverage                     cstackBANK0  002F
main@Zaccumulate                  cstackBANK0  0057
main@Zaverage                     cstackBANK0  0030
main@bw_rate                      cstackBANK0  004D
main@id                           cstackBANK0  0049
main@pow                          cstackBANK0  004B
main@xhi                          cstackBANK0  0031
main@xlo                          cstackBANK0  0035
main@yhi                          cstackBANK0  0039
main@ylo                          cstackBANK0  003D
main@zhi                          cstackBANK0  0041
main@zlo                          cstackBANK0  0045
reset_vec                         reset_vec    0000
saved_w                           (abs)        007E
stackhi                           (abs)        0000
stacklo                           (abs)        0000
start                             init         0010
start_initialization              cinit        0011
ttemp                             (abs)        007E
ttemp0                            (abs)        007E
ttemp1                            (abs)        0081
ttemp2                            (abs)        0084
ttemp3                            (abs)        0087
ttemp4                            (abs)        007F
wtemp                             (abs)        007E
wtemp0                            (abs)        007E
wtemp1                            (abs)        0080
wtemp2                            (abs)        0082
wtemp3                            (abs)        0084
wtemp4                            (abs)        0086
wtemp5                            (abs)        0088
wtemp6                            (abs)        007F


FUNCTION INFORMATION:

 *************** function _main *****************
 Defined at:
		line 40 in file "main.c"
 Parameters:    Size  Location     Type
		None
 Auto vars:     Size  Location     Type
  Zaccumulate     4   55[BANK0 ] long 
  Yaccumulate     4   51[BANK0 ] long 
  Xaccumulate     4   47[BANK0 ] long 
  zlo             4   37[BANK0 ] long 
  zhi             4   33[BANK0 ] long 
  ylo             4   29[BANK0 ] long 
  yhi             4   25[BANK0 ] long 
  xlo             4   21[BANK0 ] long 
  xhi             4   17[BANK0 ] long 
  z               4    0        long 
  y               4    0        long 
  x               4    0        long 
  bw_rate         2   45[BANK0 ] int 
  pow             2   43[BANK0 ] int 
  id              2   41[BANK0 ] int 
  i               2    0        int 
  Zaverage        1   16[BANK0 ] unsigned char 
  Yaverage        1   15[BANK0 ] unsigned char 
  Xaverage        1   14[BANK0 ] unsigned char 
 Return value:  Size  Location     Type
		None               void
 Registers used:
		wreg, fsr0l, fsr0h, fsr1l, fsr1h, fsr1l, fsr1h, status,2, status,0, btemp+1, pclath, cstack
 Tracked objects:
		On entry : 
		On exit  : 
		Unchanged: 
 Data sizes:     COMMON   BANK0   BANK1
      Params:         0       0       0
      Locals:         0      45       0
      Temps:          0       8       0
      Totals:         0      53       0
Total ram usage:       53 bytes
 Hardware stack levels required when called:    7
 This function calls:
		_E_Read
		_I2CAck
		_I2CInit
		_I2CNak
		_I2CRead
		_I2CRestart
		_I2CSend
		_I2CStart
		_I2CStop
		_UART_Write
		_UART_vidInit
		_get_x_average
		_get_y_average
		_get_z_average
		_ini_adxl345
		_system_init
 This function is called by:
		Startup code after reset
 This function uses a non-reentrant model


 *************** function _system_init *****************
 Defined at:
		line 31 in file "main.c"
 Parameters:    Size  Location     Type
		None
 Auto vars:     Size  Location     Type
		None
 Return value:  Size  Location     Type
		None               void
 Registers used:
		wreg, status,2
 Tracked objects:
		On entry : 
		On exit  : 
		Unchanged: 
 Data sizes:     COMMON   BANK0   BANK1
      Params:         0       0       0
      Locals:         0       0       0
      Temps:          0       0       0
      Totals:         0       0       0
Total ram usage:        0 bytes
 Hardware stack levels used:    1
 Hardware stack levels required when called:    3
 This function calls:
		Nothing
 This function is called by:
		_main
 This function uses a non-reentrant model


 *************** function _ini_adxl345 *****************
 Defined at:
		line 5 in file "ADXL_m.c"
 Parameters:    Size  Location     Type
		None
 Auto vars:     Size  Location     Type
		None
 Return value:  Size  Location     Type
		None               void
 Registers used:
		wreg, fsr0l, fsr0h, fsr1l, fsr1h, fsr1l, fsr1h, status,2, status,0, btemp+1, pclath, cstack
 Tracked objects:
		On entry : 
		On exit  : 
		Unchanged: 
 Data sizes:     COMMON   BANK0   BANK1
      Params:         0       0       0
      Locals:         0       0       0
      Temps:          0       2       0
      Totals:         0       2       0
Total ram usage:        2 bytes
 Hardware stack levels used:    1
 Hardware stack levels required when called:    6
 This function calls:
		_E_Write
 This function is called by:
		_main
 This function uses a non-reentrant model


 *************** function _E_Write *****************
 Defined at:
		line 153 in file "ADXL_m.c"
 Parameters:    Size  Location     Type
  addr            2    1[BANK0 ] int 
  ch              1    3[BANK0 ] unsigned char 
 Auto vars:     Size  Location     Type
		None
 Return value:  Size  Location     Type
                  1    wreg      unsigned char 
 Registers used:
		wreg, status,2, status,0, pclath, cstack
 Tracked objects:
		On entry : 
		On exit  : 
		Unchanged: 
 Data sizes:     COMMON   BANK0   BANK1
      Params:         0       3       0
      Locals:         0       0       0
      Temps:          0       0       0
      Totals:         0       3       0
Total ram usage:        3 bytes
 Hardware stack levels used:    1
 Hardware stack levels required when called:    5
 This function calls:
		_I2CSend
		_I2CStart
		_I2CStop
 This function is called by:
		_ini_adxl345
 This function uses a non-reentrant model


 *************** function _get_z_average *****************
 Defined at:
		line 24 in file "average_calculations.c"
 Parameters:    Size  Location     Type
  z               4    0[BANK0 ] long 
 Auto vars:     Size  Location     Type
		None
 Return value:  Size  Location     Type
                  4    0[BANK0 ] long 
 Registers used:
		None
 Tracked objects:
		On entry : 
		On exit  : 
		Unchanged: 
 Data sizes:     COMMON   BANK0   BANK1
      Params:         0       4       0
      Locals:         0       0       0
      Temps:          0       0       0
      Totals:         0       4       0
Total ram usage:        4 bytes
 Hardware stack levels used:    1
 Hardware stack levels required when called:    3
 This function calls:
		Nothing
 This function is called by:
		_main
 This function uses a non-reentrant model


 *************** function _get_y_average *****************
 Defined at:
		line 19 in file "average_calculations.c"
 Parameters:    Size  Location     Type
  y               4    0[BANK0 ] long 
 Auto vars:     Size  Location     Type
		None
 Return value:  Size  Location     Type
                  4    0[BANK0 ] long 
 Registers used:
		None
 Tracked objects:
		On entry : 
		On exit  : 
		Unchanged: 
 Data sizes:     COMMON   BANK0   BANK1
      Params:         0       4       0
      Locals:         0       0       0
      Temps:          0       0       0
      Totals:         0       4       0
Total ram usage:        4 bytes
 Hardware stack levels used:    1
 Hardware stack levels required when called:    3
 This function calls:
		Nothing
 This function is called by:
		_main
 This function uses a non-reentrant model


 *************** function _get_x_average *****************
 Defined at:
		line 13 in file "average_calculations.c"
 Parameters:    Size  Location     Type
  x               4    0[BANK0 ] long 
 Auto vars:     Size  Location     Type
		None
 Return value:  Size  Location     Type
                  4    0[BANK0 ] long 
 Registers used:
		None
 Tracked objects:
		On entry : 
		On exit  : 
		Unchanged: 
 Data sizes:     COMMON   BANK0   BANK1
      Params:         0       4       0
      Locals:         0       0       0
      Temps:          0       0       0
      Totals:         0       4       0
Total ram usage:        4 bytes
 Hardware stack levels used:    1
 Hardware stack levels required when called:    3
 This function calls:
		Nothing
 This function is called by:
		_main
 This function uses a non-reentrant model


 *************** function _UART_vidInit *****************
 Defined at:
		line 14 in file "UART_m.c"
 Parameters:    Size  Location     Type
		None
 Auto vars:     Size  Location     Type
		None
 Return value:  Size  Location     Type
		None               void
 Registers used:
		wreg, pclath, cstack
 Tracked objects:
		On entry : 
		On exit  : 
		Unchanged: 
 Data sizes:     COMMON   BANK0   BANK1
      Params:         0       0       0
      Locals:         0       0       0
      Temps:          0       1       0
      Totals:         0       1       0
Total ram usage:        1 bytes
 Hardware stack levels used:    1
 Hardware stack levels required when called:    4
 This function calls:
		_UART_u8GetNodeID
 This function is called by:
		_main
 This function uses a non-reentrant model


 *************** function _UART_u8GetNodeID *****************
 Defined at:
		line 70 in file "UART_m.c"
 Parameters:    Size  Location     Type
		None
 Auto vars:     Size  Location     Type
		None
 Return value:  Size  Location     Type
                  1    wreg      unsigned char 
 Registers used:
		wreg
 Tracked objects:
		On entry : 
		On exit  : 
		Unchanged: 
 Data sizes:     COMMON   BANK0   BANK1
      Params:         0       0       0
      Locals:         0       0       0
      Temps:          0       0       0
      Totals:         0       0       0
Total ram usage:        0 bytes
 Hardware stack levels used:    1
 Hardware stack levels required when called:    3
 This function calls:
		Nothing
 This function is called by:
		_UART_vidInit
 This function uses a non-reentrant model


 *************** function _UART_Write *****************
 Defined at:
		line 16 in file "main.c"
 Parameters:    Size  Location     Type
  data            1    wreg     unsigned char 
 Auto vars:     Size  Location     Type
  data            1    0[BANK0 ] unsigned char 
 Return value:  Size  Location     Type
		None               void
 Registers used:
		wreg
 Tracked objects:
		On entry : 
		On exit  : 
		Unchanged: 
 Data sizes:     COMMON   BANK0   BANK1
      Params:         0       0       0
      Locals:         0       1       0
      Temps:          0       0       0
      Totals:         0       1       0
Total ram usage:        1 bytes
 Hardware stack levels used:    1
 Hardware stack levels required when called:    3
 This function calls:
		Nothing
 This function is called by:
		_main
		_UART_Write_String
 This function uses a non-reentrant model


 *************** function _I2CInit *****************
 Defined at:
		line 22 in file "ADXL_m.c"
 Parameters:    Size  Location     Type
		None
 Auto vars:     Size  Location     Type
		None
 Return value:  Size  Location     Type
		None               void
 Registers used:
		wreg, status,2
 Tracked objects:
		On entry : 
		On exit  : 
		Unchanged: 
 Data sizes:     COMMON   BANK0   BANK1
      Params:         0       0       0
      Locals:         0       0       0
      Temps:          0       0       0
      Totals:         0       0       0
Total ram usage:        0 bytes
 Hardware stack levels used:    1
 Hardware stack levels required when called:    3
 This function calls:
		Nothing
 This function is called by:
		_main
 This function uses a non-reentrant model


 *************** function _I2CAck *****************
 Defined at:
		line 88 in file "ADXL_m.c"
 Parameters:    Size  Location     Type
		None
 Auto vars:     Size  Location     Type
		None
 Return value:  Size  Location     Type
		None               void
 Registers used:
		None
 Tracked objects:
		On entry : 
		On exit  : 
		Unchanged: 
 Data sizes:     COMMON   BANK0   BANK1
      Params:         0       0       0
      Locals:         0       0       0
      Temps:          0       0       0
      Totals:         0       0       0
Total ram usage:        0 bytes
 Hardware stack levels used:    1
 Hardware stack levels required when called:    3
 This function calls:
		Nothing
 This function is called by:
		_main
 This function uses a non-reentrant model


 *************** function _E_Read *****************
 Defined at:
		line 170 in file "ADXL_m.c"
 Parameters:    Size  Location     Type
  addr            2    2[BANK0 ] int 
 Auto vars:     Size  Location     Type
  ch              1    5[BANK0 ] unsigned char 
 Return value:  Size  Location     Type
                  1    wreg      unsigned char 
 Registers used:
		wreg, fsr0l, fsr0h, fsr1l, fsr1h, fsr1l, fsr1h, status,2, status,0, btemp+1, pclath, cstack
 Tracked objects:
		On entry : 
		On exit  : 
		Unchanged: 
 Data sizes:     COMMON   BANK0   BANK1
      Params:         0       2       0
      Locals:         0       1       0
      Temps:          0       1       0
      Totals:         0       4       0
Total ram usage:        4 bytes
 Hardware stack levels used:    1
 Hardware stack levels required when called:    5
 This function calls:
		_I2CNak
		_I2CRead
		_I2CRestart
		_I2CSend
		_I2CStart
		_I2CStop
 This function is called by:
		_main
 This function uses a non-reentrant model


 *************** function _I2CStop *****************
 Defined at:
		line 63 in file "ADXL_m.c"
 Parameters:    Size  Location     Type
		None
 Auto vars:     Size  Location     Type
		None
 Return value:  Size  Location     Type
		None               void
 Registers used:
		None
 Tracked objects:
		On entry : 
		On exit  : 
		Unchanged: 
 Data sizes:     COMMON   BANK0   BANK1
      Params:         0       0       0
      Locals:         0       0       0
      Temps:          0       0       0
      Totals:         0       0       0
Total ram usage:        0 bytes
 Hardware stack levels used:    1
 Hardware stack levels required when called:    3
 This function calls:
		Nothing
 This function is called by:
		_main
		_E_Write
		_E_Read
 This function uses a non-reentrant model


 *************** function _I2CStart *****************
 Defined at:
		line 50 in file "ADXL_m.c"
 Parameters:    Size  Location     Type
		None
 Auto vars:     Size  Location     Type
		None
 Return value:  Size  Location     Type
		None               void
 Registers used:
		None
 Tracked objects:
		On entry : 
		On exit  : 
		Unchanged: 
 Data sizes:     COMMON   BANK0   BANK1
      Params:         0       0       0
      Locals:         0       0       0
      Temps:          0       0       0
      Totals:         0       0       0
Total ram usage:        0 bytes
 Hardware stack levels used:    1
 Hardware stack levels required when called:    3
 This function calls:
		Nothing
 This function is called by:
		_main
		_E_Write
		_E_Read
 This function uses a non-reentrant model


 *************** function _I2CSend *****************
 Defined at:
		line 127 in file "ADXL_m.c"
 Parameters:    Size  Location     Type
  dat             1    wreg     unsigned char 
 Auto vars:     Size  Location     Type
  dat             1    0[BANK0 ] unsigned char 
 Return value:  Size  Location     Type
		None               void
 Registers used:
		wreg, status,2, status,0, pclath, cstack
 Tracked objects:
		On entry : 
		On exit  : 
		Unchanged: 
 Data sizes:     COMMON   BANK0   BANK1
      Params:         0       0       0
      Locals:         0       1       0
      Temps:          0       0       0
      Totals:         0       1       0
Total ram usage:        1 bytes
 Hardware stack levels used:    1
 Hardware stack levels required when called:    4
 This function calls:
		_I2CWait
 This function is called by:
		_main
		_E_Write
		_E_Read
 This function uses a non-reentrant model


 *************** function _I2CRestart *****************
 Defined at:
		line 76 in file "ADXL_m.c"
 Parameters:    Size  Location     Type
		None
 Auto vars:     Size  Location     Type
		None
 Return value:  Size  Location     Type
		None               void
 Registers used:
		None
 Tracked objects:
		On entry : 
		On exit  : 
		Unchanged: 
 Data sizes:     COMMON   BANK0   BANK1
      Params:         0       0       0
      Locals:         0       0       0
      Temps:          0       0       0
      Totals:         0       0       0
Total ram usage:        0 bytes
 Hardware stack levels used:    1
 Hardware stack levels required when called:    3
 This function calls:
		Nothing
 This function is called by:
		_main
		_E_Read
 This function uses a non-reentrant model


 *************** function _I2CRead *****************
 Defined at:
		line 140 in file "ADXL_m.c"
 Parameters:    Size  Location     Type
		None
 Auto vars:     Size  Location     Type
  temp            1    1[BANK0 ] unsigned char 
 Return value:  Size  Location     Type
                  1    wreg      unsigned char 
 Registers used:
		wreg, status,2, status,0, pclath, cstack
 Tracked objects:
		On entry : 
		On exit  : 
		Unchanged: 
 Data sizes:     COMMON   BANK0   BANK1
      Params:         0       0       0
      Locals:         0       1       0
      Temps:          0       1       0
      Totals:         0       2       0
Total ram usage:        2 bytes
 Hardware stack levels used:    1
 Hardware stack levels required when called:    4
 This function calls:
		_I2CWait
 This function is called by:
		_main
		_E_Read
 This function uses a non-reentrant model


 *************** function _I2CWait *****************
 Defined at:
		line 114 in file "ADXL_m.c"
 Parameters:    Size  Location     Type
		None
 Auto vars:     Size  Location     Type
		None
 Return value:  Size  Location     Type
		None               void
 Registers used:
		wreg, status,2
 Tracked objects:
		On entry : 
		On exit  : 
		Unchanged: 
 Data sizes:     COMMON   BANK0   BANK1
      Params:         0       0       0
      Locals:         0       0       0
      Temps:          0       0       0
      Totals:         0       0       0
Total ram usage:        0 bytes
 Hardware stack levels used:    1
 Hardware stack levels required when called:    3
 This function calls:
		Nothing
 This function is called by:
		_I2CSend
		_I2CRead
 This function uses a non-reentrant model


 *************** function _I2CNak *****************
 Defined at:
		line 101 in file "ADXL_m.c"
 Parameters:    Size  Location     Type
		None
 Auto vars:     Size  Location     Type
		None
 Return value:  Size  Location     Type
		None               void
 Registers used:
		None
 Tracked objects:
		On entry : 
		On exit  : 
		Unchanged: 
 Data sizes:     COMMON   BANK0   BANK1
      Params:         0       0       0
      Locals:         0       0       0
      Temps:          0       0       0
      Totals:         0       0       0
Total ram usage:        0 bytes
 Hardware stack levels used:    1
 Hardware stack levels required when called:    3
 This function calls:
		Nothing
 This function is called by:
		_main
		_E_Read
 This function uses a non-reentrant model


 *************** function _UART_vidNewDataReceived *****************
 Defined at:
		line 31 in file "UART_m.c"
 Parameters:    Size  Location     Type
		None
 Auto vars:     Size  Location     Type
		None
 Return value:  Size  Location     Type
		None               void
 Registers used:
		wreg, fsr0l, fsr0h, status,2, status,0, pclath, cstack
 Tracked objects:
		On entry : 
		On exit  : 
		Unchanged: 
 Data sizes:     COMMON   BANK0   BANK1
      Params:         0       0       0
      Locals:         0       0       0
      Temps:          4       0       0
      Totals:         4       0       0
Total ram usage:        4 bytes
 Hardware stack levels used:    1
 Hardware stack levels required when called:    2
 This function calls:
		_RS845_ManageState
 This function is called by:
		Interrupt level 1
 This function uses a non-reentrant model


 *************** function _RS845_ManageState *****************
 Defined at:
		line 47 in file "UART_m.c"
 Parameters:    Size  Location     Type
		None
 Auto vars:     Size  Location     Type
		None
 Return value:  Size  Location     Type
		None               void
 Registers used:
		wreg, fsr0l, fsr0h, status,2, status,0, pclath, cstack
 Tracked objects:
		On entry : 
		On exit  : 
		Unchanged: 
 Data sizes:     COMMON   BANK0   BANK1
      Params:         0       0       0
      Locals:         0       0       0
      Temps:          0       0       0
      Totals:         0       0       0
Total ram usage:        0 bytes
 Hardware stack levels used:    1
 Hardware stack levels required when called:    1
 This function calls:
		_UART_vidSend
 This function is called by:
		_UART_vidNewDataReceived
 This function uses a non-reentrant model


 *************** function _UART_vidSend *****************
 Defined at:
		line 58 in file "UART_m.c"
 Parameters:    Size  Location     Type
  data            1    wreg     const PTR unsigned char 
		 -> Data_Buffer(9), 
  Len             2    0[COMMON] const unsigned short 
 Auto vars:     Size  Location     Type
  data            1    3[COMMON] const PTR unsigned char 
		 -> Data_Buffer(9), 
  UART_u16Inde    2    4[COMMON] unsigned short 
 Return value:  Size  Location     Type
		None               void
 Registers used:
		wreg, fsr0l, fsr0h, status,2, status,0
 Tracked objects:
		On entry : 
		On exit  : 
		Unchanged: 
 Data sizes:     COMMON   BANK0   BANK1
      Params:         2       0       0
      Locals:         3       0       0
      Temps:          1       0       0
      Totals:         6       0       0
Total ram usage:        6 bytes
 Hardware stack levels used:    1
 This function calls:
		Nothing
 This function is called by:
		_RS845_ManageState
 This function uses a non-reentrant model



MODULE INFORMATION

Module		Function		Class		Link	Load	Size
average_calculations.c
		_get_z_average 		CODE           	035D	0000	1
		_get_x_average 		CODE           	035F	0000	1
		_get_y_average 		CODE           	035E	0000	1

average_calculations.c estimated size: 3

UART_m.c
		_UART_u8GetNode		CODE           	035B	0000	2
		_UART_vidSend  		CODE           	0262	0000	43
		_UART_vidInit  		CODE           	028D	0000	27
		_RS845_ManageSt		CODE           	0303	0000	13
		_UART_vidNewDat		CODE           	02BE	0000	21

UART_m.c estimated size: 106

shared
		__initializatio		CODE           	0011	0000	10

shared estimated size: 10

main.c
		_system_init   		CODE           	0310	0000	12
		_main          		CODE           	001D	0000	503
		_UART_Write    		CODE           	031C	0000	12

main.c estimated size: 527

ADXL_m.c
		_I2CNak        		CODE           	0342	0000	7
		_I2CStop       		CODE           	0349	0000	6
		_E_Read        		CODE           	02A8	0000	22
		_I2CAck        		CODE           	033B	0000	7
		_I2CRead       		CODE           	02E6	0000	16
		_I2CRestart    		CODE           	0355	0000	6
		_I2CStart      		CODE           	034F	0000	6
		_E_Write       		CODE           	02F6	0000	13
		_I2CWait       		CODE           	0333	0000	8
		_ini_adxl345   		CODE           	0214	0000	78
		_I2CInit       		CODE           	02D3	0000	19
		_I2CSend       		CODE           	0328	0000	11

ADXL_m.c estimated size: 199

